19:11:54 **** Build of configuration Debug for project p ****
make -j2 all 
arm-none-eabi-gcc "C:/Users/Korisnik/STM32Cube/Repository/STM32Cube_FW_F1_V1.8.5/Drivers/STM32F1xx_HAL_Driver/Src/stm32f1xx_hal.c" -mcpu=cortex-m3 -std=gnu11 -g3 -DDEBUG -DUSE_HAL_DRIVER -DSTM32F103x6 -c -I../Core/Inc -IC:/Users/Korisnik/STM32Cube/Repository/STM32Cube_FW_F1_V1.8.5/Drivers/STM32F1xx_HAL_Driver/Inc/Legacy -IC:/Users/Korisnik/STM32Cube/Repository/STM32Cube_FW_F1_V1.8.5/Drivers/STM32F1xx_HAL_Driver/Inc -IC:/Users/Korisnik/STM32Cube/Repository/STM32Cube_FW_F1_V1.8.5/Drivers/CMSIS/Device/ST/STM32F1xx/Include -IC:/Users/Korisnik/STM32Cube/Repository/STM32Cube_FW_F1_V1.8.5/Drivers/CMSIS/Include -O0 -ffunction-sections -fdata-sections -Wall -fstack-usage -fcyclomatic-complexity -MMD -MP -MF"Drivers/STM32F1xx_HAL_Driver/stm32f1xx_hal.d" -MT"Drivers/STM32F1xx_HAL_Driver/stm32f1xx_hal.o" --specs=nano.specs -mfloat-abi=soft -mthumb -o "Drivers/STM32F1xx_HAL_Driver/stm32f1xx_hal.o"
arm-none-eabi-gcc "C:/Users/Korisnik/STM32Cube/Repository/STM32Cube_FW_F1_V1.8.5/Drivers/STM32F1xx_HAL_Driver/Src/stm32f1xx_hal_cortex.c" -mcpu=cortex-m3 -std=gnu11 -g3 -DDEBUG -DUSE_HAL_DRIVER -DSTM32F103x6 -c -I../Core/Inc -IC:/Users/Korisnik/STM32Cube/Repository/STM32Cube_FW_F1_V1.8.5/Drivers/STM32F1xx_HAL_Driver/Inc/Legacy -IC:/Users/Korisnik/STM32Cube/Repository/STM32Cube_FW_F1_V1.8.5/Drivers/STM32F1xx_HAL_Driver/Inc -IC:/Users/Korisnik/STM32Cube/Repository/STM32Cube_FW_F1_V1.8.5/Drivers/CMSIS/Device/ST/STM32F1xx/Include -IC:/Users/Korisnik/STM32Cube/Repository/STM32Cube_FW_F1_V1.8.5/Drivers/CMSIS/Include -O0 -ffunction-sections -fdata-sections -Wall -fstack-usage -fcyclomatic-complexity -MMD -MP -MF"Drivers/STM32F1xx_HAL_Driver/stm32f1xx_hal_cortex.d" -MT"Drivers/STM32F1xx_HAL_Driver/stm32f1xx_hal_cortex.o" --specs=nano.specs -mfloat-abi=soft -mthumb -o "Drivers/STM32F1xx_HAL_Driver/stm32f1xx_hal_cortex.o"
arm-none-eabi-gcc "C:/Users/Korisnik/STM32Cube/Repository/STM32Cube_FW_F1_V1.8.5/Drivers/STM32F1xx_HAL_Driver/Src/stm32f1xx_hal_dma.c" -mcpu=cortex-m3 -std=gnu11 -g3 -DDEBUG -DUSE_HAL_DRIVER -DSTM32F103x6 -c -I../Core/Inc -IC:/Users/Korisnik/STM32Cube/Repository/STM32Cube_FW_F1_V1.8.5/Drivers/STM32F1xx_HAL_Driver/Inc/Legacy -IC:/Users/Korisnik/STM32Cube/Repository/STM32Cube_FW_F1_V1.8.5/Drivers/STM32F1xx_HAL_Driver/Inc -IC:/Users/Korisnik/STM32Cube/Repository/STM32Cube_FW_F1_V1.8.5/Drivers/CMSIS/Device/ST/STM32F1xx/Include -IC:/Users/Korisnik/STM32Cube/Repository/STM32Cube_FW_F1_V1.8.5/Drivers/CMSIS/Include -O0 -ffunction-sections -fdata-sections -Wall -fstack-usage -fcyclomatic-complexity -MMD -MP -MF"Drivers/STM32F1xx_HAL_Driver/stm32f1xx_hal_dma.d" -MT"Drivers/STM32F1xx_HAL_Driver/stm32f1xx_hal_dma.o" --specs=nano.specs -mfloat-abi=soft -mthumb -o "Drivers/STM32F1xx_HAL_Driver/stm32f1xx_hal_dma.o"
arm-none-eabi-gcc "C:/Users/Korisnik/STM32Cube/Repository/STM32Cube_FW_F1_V1.8.5/Drivers/STM32F1xx_HAL_Driver/Src/stm32f1xx_hal_exti.c" -mcpu=cortex-m3 -std=gnu11 -g3 -DDEBUG -DUSE_HAL_DRIVER -DSTM32F103x6 -c -I../Core/Inc -IC:/Users/Korisnik/STM32Cube/Repository/STM32Cube_FW_F1_V1.8.5/Drivers/STM32F1xx_HAL_Driver/Inc/Legacy -IC:/Users/Korisnik/STM32Cube/Repository/STM32Cube_FW_F1_V1.8.5/Drivers/STM32F1xx_HAL_Driver/Inc -IC:/Users/Korisnik/STM32Cube/Repository/STM32Cube_FW_F1_V1.8.5/Drivers/CMSIS/Device/ST/STM32F1xx/Include -IC:/Users/Korisnik/STM32Cube/Repository/STM32Cube_FW_F1_V1.8.5/Drivers/CMSIS/Include -O0 -ffunction-sections -fdata-sections -Wall -fstack-usage -fcyclomatic-complexity -MMD -MP -MF"Drivers/STM32F1xx_HAL_Driver/stm32f1xx_hal_exti.d" -MT"Drivers/STM32F1xx_HAL_Driver/stm32f1xx_hal_exti.o" --specs=nano.specs -mfloat-abi=soft -mthumb -o "Drivers/STM32F1xx_HAL_Driver/stm32f1xx_hal_exti.o"
arm-none-eabi-gcc "C:/Users/Korisnik/STM32Cube/Repository/STM32Cube_FW_F1_V1.8.5/Drivers/STM32F1xx_HAL_Driver/Src/stm32f1xx_hal_flash.c" -mcpu=cortex-m3 -std=gnu11 -g3 -DDEBUG -DUSE_HAL_DRIVER -DSTM32F103x6 -c -I../Core/Inc -IC:/Users/Korisnik/STM32Cube/Repository/STM32Cube_FW_F1_V1.8.5/Drivers/STM32F1xx_HAL_Driver/Inc/Legacy -IC:/Users/Korisnik/STM32Cube/Repository/STM32Cube_FW_F1_V1.8.5/Drivers/STM32F1xx_HAL_Driver/Inc -IC:/Users/Korisnik/STM32Cube/Repository/STM32Cube_FW_F1_V1.8.5/Drivers/CMSIS/Device/ST/STM32F1xx/Include -IC:/Users/Korisnik/STM32Cube/Repository/STM32Cube_FW_F1_V1.8.5/Drivers/CMSIS/Include -O0 -ffunction-sections -fdata-sections -Wall -fstack-usage -fcyclomatic-complexity -MMD -MP -MF"Drivers/STM32F1xx_HAL_Driver/stm32f1xx_hal_flash.d" -MT"Drivers/STM32F1xx_HAL_Driver/stm32f1xx_hal_flash.o" --specs=nano.specs -mfloat-abi=soft -mthumb -o "Drivers/STM32F1xx_HAL_Driver/stm32f1xx_hal_flash.o"
arm-none-eabi-gcc "C:/Users/Korisnik/STM32Cube/Repository/STM32Cube_FW_F1_V1.8.5/Drivers/STM32F1xx_HAL_Driver/Src/stm32f1xx_hal_flash_ex.c" -mcpu=cortex-m3 -std=gnu11 -g3 -DDEBUG -DUSE_HAL_DRIVER -DSTM32F103x6 -c -I../Core/Inc -IC:/Users/Korisnik/STM32Cube/Repository/STM32Cube_FW_F1_V1.8.5/Drivers/STM32F1xx_HAL_Driver/Inc/Legacy -IC:/Users/Korisnik/STM32Cube/Repository/STM32Cube_FW_F1_V1.8.5/Drivers/STM32F1xx_HAL_Driver/Inc -IC:/Users/Korisnik/STM32Cube/Repository/STM32Cube_FW_F1_V1.8.5/Drivers/CMSIS/Device/ST/STM32F1xx/Include -IC:/Users/Korisnik/STM32Cube/Repository/STM32Cube_FW_F1_V1.8.5/Drivers/CMSIS/Include -O0 -ffunction-sections -fdata-sections -Wall -fstack-usage -fcyclomatic-complexity -MMD -MP -MF"Drivers/STM32F1xx_HAL_Driver/stm32f1xx_hal_flash_ex.d" -MT"Drivers/STM32F1xx_HAL_Driver/stm32f1xx_hal_flash_ex.o" --specs=nano.specs -mfloat-abi=soft -mthumb -o "Drivers/STM32F1xx_HAL_Driver/stm32f1xx_hal_flash_ex.o"
arm-none-eabi-gcc "C:/Users/Korisnik/STM32Cube/Repository/STM32Cube_FW_F1_V1.8.5/Drivers/STM32F1xx_HAL_Driver/Src/stm32f1xx_hal_gpio.c" -mcpu=cortex-m3 -std=gnu11 -g3 -DDEBUG -DUSE_HAL_DRIVER -DSTM32F103x6 -c -I../Core/Inc -IC:/Users/Korisnik/STM32Cube/Repository/STM32Cube_FW_F1_V1.8.5/Drivers/STM32F1xx_HAL_Driver/Inc/Legacy -IC:/Users/Korisnik/STM32Cube/Repository/STM32Cube_FW_F1_V1.8.5/Drivers/STM32F1xx_HAL_Driver/Inc -IC:/Users/Korisnik/STM32Cube/Repository/STM32Cube_FW_F1_V1.8.5/Drivers/CMSIS/Device/ST/STM32F1xx/Include -IC:/Users/Korisnik/STM32Cube/Repository/STM32Cube_FW_F1_V1.8.5/Drivers/CMSIS/Include -O0 -ffunction-sections -fdata-sections -Wall -fstack-usage -fcyclomatic-complexity -MMD -MP -MF"Drivers/STM32F1xx_HAL_Driver/stm32f1xx_hal_gpio.d" -MT"Drivers/STM32F1xx_HAL_Driver/stm32f1xx_hal_gpio.o" --specs=nano.specs -mfloat-abi=soft -mthumb -o "Drivers/STM32F1xx_HAL_Driver/stm32f1xx_hal_gpio.o"
arm-none-eabi-gcc "C:/Users/Korisnik/STM32Cube/Repository/STM32Cube_FW_F1_V1.8.5/Drivers/STM32F1xx_HAL_Driver/Src/stm32f1xx_hal_gpio_ex.c" -mcpu=cortex-m3 -std=gnu11 -g3 -DDEBUG -DUSE_HAL_DRIVER -DSTM32F103x6 -c -I../Core/Inc -IC:/Users/Korisnik/STM32Cube/Repository/STM32Cube_FW_F1_V1.8.5/Drivers/STM32F1xx_HAL_Driver/Inc/Legacy -IC:/Users/Korisnik/STM32Cube/Repository/STM32Cube_FW_F1_V1.8.5/Drivers/STM32F1xx_HAL_Driver/Inc -IC:/Users/Korisnik/STM32Cube/Repository/STM32Cube_FW_F1_V1.8.5/Drivers/CMSIS/Device/ST/STM32F1xx/Include -IC:/Users/Korisnik/STM32Cube/Repository/STM32Cube_FW_F1_V1.8.5/Drivers/CMSIS/Include -O0 -ffunction-sections -fdata-sections -Wall -fstack-usage -fcyclomatic-complexity -MMD -MP -MF"Drivers/STM32F1xx_HAL_Driver/stm32f1xx_hal_gpio_ex.d" -MT"Drivers/STM32F1xx_HAL_Driver/stm32f1xx_hal_gpio_ex.o" --specs=nano.specs -mfloat-abi=soft -mthumb -o "Drivers/STM32F1xx_HAL_Driver/stm32f1xx_hal_gpio_ex.o"
arm-none-eabi-gcc "C:/Users/Korisnik/STM32Cube/Repository/STM32Cube_FW_F1_V1.8.5/Drivers/STM32F1xx_HAL_Driver/Src/stm32f1xx_hal_pwr.c" -mcpu=cortex-m3 -std=gnu11 -g3 -DDEBUG -DUSE_HAL_DRIVER -DSTM32F103x6 -c -I../Core/Inc -IC:/Users/Korisnik/STM32Cube/Repository/STM32Cube_FW_F1_V1.8.5/Drivers/STM32F1xx_HAL_Driver/Inc/Legacy -IC:/Users/Korisnik/STM32Cube/Repository/STM32Cube_FW_F1_V1.8.5/Drivers/STM32F1xx_HAL_Driver/Inc -IC:/Users/Korisnik/STM32Cube/Repository/STM32Cube_FW_F1_V1.8.5/Drivers/CMSIS/Device/ST/STM32F1xx/Include -IC:/Users/Korisnik/STM32Cube/Repository/STM32Cube_FW_F1_V1.8.5/Drivers/CMSIS/Include -O0 -ffunction-sections -fdata-sections -Wall -fstack-usage -fcyclomatic-complexity -MMD -MP -MF"Drivers/STM32F1xx_HAL_Driver/stm32f1xx_hal_pwr.d" -MT"Drivers/STM32F1xx_HAL_Driver/stm32f1xx_hal_pwr.o" --specs=nano.specs -mfloat-abi=soft -mthumb -o "Drivers/STM32F1xx_HAL_Driver/stm32f1xx_hal_pwr.o"
arm-none-eabi-gcc "C:/Users/Korisnik/STM32Cube/Repository/STM32Cube_FW_F1_V1.8.5/Drivers/STM32F1xx_HAL_Driver/Src/stm32f1xx_hal_rcc.c" -mcpu=cortex-m3 -std=gnu11 -g3 -DDEBUG -DUSE_HAL_DRIVER -DSTM32F103x6 -c -I../Core/Inc -IC:/Users/Korisnik/STM32Cube/Repository/STM32Cube_FW_F1_V1.8.5/Drivers/STM32F1xx_HAL_Driver/Inc/Legacy -IC:/Users/Korisnik/STM32Cube/Repository/STM32Cube_FW_F1_V1.8.5/Drivers/STM32F1xx_HAL_Driver/Inc -IC:/Users/Korisnik/STM32Cube/Repository/STM32Cube_FW_F1_V1.8.5/Drivers/CMSIS/Device/ST/STM32F1xx/Include -IC:/Users/Korisnik/STM32Cube/Repository/STM32Cube_FW_F1_V1.8.5/Drivers/CMSIS/Include -O0 -ffunction-sections -fdata-sections -Wall -fstack-usage -fcyclomatic-complexity -MMD -MP -MF"Drivers/STM32F1xx_HAL_Driver/stm32f1xx_hal_rcc.d" -MT"Drivers/STM32F1xx_HAL_Driver/stm32f1xx_hal_rcc.o" --specs=nano.specs -mfloat-abi=soft -mthumb -o "Drivers/STM32F1xx_HAL_Driver/stm32f1xx_hal_rcc.o"
arm-none-eabi-gcc "C:/Users/Korisnik/STM32Cube/Repository/STM32Cube_FW_F1_V1.8.5/Drivers/STM32F1xx_HAL_Driver/Src/stm32f1xx_hal_rcc_ex.c" -mcpu=cortex-m3 -std=gnu11 -g3 -DDEBUG -DUSE_HAL_DRIVER -DSTM32F103x6 -c -I../Core/Inc -IC:/Users/Korisnik/STM32Cube/Repository/STM32Cube_FW_F1_V1.8.5/Drivers/STM32F1xx_HAL_Driver/Inc/Legacy -IC:/Users/Korisnik/STM32Cube/Repository/STM32Cube_FW_F1_V1.8.5/Drivers/STM32F1xx_HAL_Driver/Inc -IC:/Users/Korisnik/STM32Cube/Repository/STM32Cube_FW_F1_V1.8.5/Drivers/CMSIS/Device/ST/STM32F1xx/Include -IC:/Users/Korisnik/STM32Cube/Repository/STM32Cube_FW_F1_V1.8.5/Drivers/CMSIS/Include -O0 -ffunction-sections -fdata-sections -Wall -fstack-usage -fcyclomatic-complexity -MMD -MP -MF"Drivers/STM32F1xx_HAL_Driver/stm32f1xx_hal_rcc_ex.d" -MT"Drivers/STM32F1xx_HAL_Driver/stm32f1xx_hal_rcc_ex.o" --specs=nano.specs -mfloat-abi=soft -mthumb -o "Drivers/STM32F1xx_HAL_Driver/stm32f1xx_hal_rcc_ex.o"
arm-none-eabi-gcc -mcpu=cortex-m3 -g3 -DDEBUG -c -x assembler-with-cpp -MMD -MP -MF"Core/Startup/startup_stm32f103c6tx.d" -MT"Core/Startup/startup_stm32f103c6tx.o" --specs=nano.specs -mfloat-abi=soft -mthumb -o "Core/Startup/startup_stm32f103c6tx.o" "../Core/Startup/startup_stm32f103c6tx.s"
arm-none-eabi-gcc "../Core/Src/main.c" -mcpu=cortex-m3 -std=gnu11 -g3 -DDEBUG -DUSE_HAL_DRIVER -DSTM32F103x6 -c -I../Core/Inc -IC:/Users/Korisnik/STM32Cube/Repository/STM32Cube_FW_F1_V1.8.5/Drivers/STM32F1xx_HAL_Driver/Inc/Legacy -IC:/Users/Korisnik/STM32Cube/Repository/STM32Cube_FW_F1_V1.8.5/Drivers/STM32F1xx_HAL_Driver/Inc -IC:/Users/Korisnik/STM32Cube/Repository/STM32Cube_FW_F1_V1.8.5/Drivers/CMSIS/Device/ST/STM32F1xx/Include -IC:/Users/Korisnik/STM32Cube/Repository/STM32Cube_FW_F1_V1.8.5/Drivers/CMSIS/Include -O0 -ffunction-sections -fdata-sections -Wall -fstack-usage -fcyclomatic-complexity -MMD -MP -MF"Core/Src/main.d" -MT"Core/Src/main.o" --specs=nano.specs -mfloat-abi=soft -mthumb -o "Core/Src/main.o"
arm-none-eabi-gcc "../Core/Src/stm32f1xx_hal_msp.c" -mcpu=cortex-m3 -std=gnu11 -g3 -DDEBUG -DUSE_HAL_DRIVER -DSTM32F103x6 -c -I../Core/Inc -IC:/Users/Korisnik/STM32Cube/Repository/STM32Cube_FW_F1_V1.8.5/Drivers/STM32F1xx_HAL_Driver/Inc/Legacy -IC:/Users/Korisnik/STM32Cube/Repository/STM32Cube_FW_F1_V1.8.5/Drivers/STM32F1xx_HAL_Driver/Inc -IC:/Users/Korisnik/STM32Cube/Repository/STM32Cube_FW_F1_V1.8.5/Drivers/CMSIS/Device/ST/STM32F1xx/Include -IC:/Users/Korisnik/STM32Cube/Repository/STM32Cube_FW_F1_V1.8.5/Drivers/CMSIS/Include -O0 -ffunction-sections -fdata-sections -Wall -fstack-usage -fcyclomatic-complexity -MMD -MP -MF"Core/Src/stm32f1xx_hal_msp.d" -MT"Core/Src/stm32f1xx_hal_msp.o" --specs=nano.specs -mfloat-abi=soft -mthumb -o "Core/Src/stm32f1xx_hal_msp.o"
arm-none-eabi-gcc "../Core/Src/stm32f1xx_it.c" -mcpu=cortex-m3 -std=gnu11 -g3 -DDEBUG -DUSE_HAL_DRIVER -DSTM32F103x6 -c -I../Core/Inc -IC:/Users/Korisnik/STM32Cube/Repository/STM32Cube_FW_F1_V1.8.5/Drivers/STM32F1xx_HAL_Driver/Inc/Legacy -IC:/Users/Korisnik/STM32Cube/Repository/STM32Cube_FW_F1_V1.8.5/Drivers/STM32F1xx_HAL_Driver/Inc -IC:/Users/Korisnik/STM32Cube/Repository/STM32Cube_FW_F1_V1.8.5/Drivers/CMSIS/Device/ST/STM32F1xx/Include -IC:/Users/Korisnik/STM32Cube/Repository/STM32Cube_FW_F1_V1.8.5/Drivers/CMSIS/Include -O0 -ffunction-sections -fdata-sections -Wall -fstack-usage -fcyclomatic-complexity -MMD -MP -MF"Core/Src/stm32f1xx_it.d" -MT"Core/Src/stm32f1xx_it.o" --specs=nano.specs -mfloat-abi=soft -mthumb -o "Core/Src/stm32f1xx_it.o"
arm-none-eabi-gcc "../Core/Src/syscalls.c" -mcpu=cortex-m3 -std=gnu11 -g3 -DDEBUG -DUSE_HAL_DRIVER -DSTM32F103x6 -c -I../Core/Inc -IC:/Users/Korisnik/STM32Cube/Repository/STM32Cube_FW_F1_V1.8.5/Drivers/STM32F1xx_HAL_Driver/Inc/Legacy -IC:/Users/Korisnik/STM32Cube/Repository/STM32Cube_FW_F1_V1.8.5/Drivers/STM32F1xx_HAL_Driver/Inc -IC:/Users/Korisnik/STM32Cube/Repository/STM32Cube_FW_F1_V1.8.5/Drivers/CMSIS/Device/ST/STM32F1xx/Include -IC:/Users/Korisnik/STM32Cube/Repository/STM32Cube_FW_F1_V1.8.5/Drivers/CMSIS/Include -O0 -ffunction-sections -fdata-sections -Wall -fstack-usage -fcyclomatic-complexity -MMD -MP -MF"Core/Src/syscalls.d" -MT"Core/Src/syscalls.o" --specs=nano.specs -mfloat-abi=soft -mthumb -o "Core/Src/syscalls.o"
arm-none-eabi-gcc "../Core/Src/sysmem.c" -mcpu=cortex-m3 -std=gnu11 -g3 -DDEBUG -DUSE_HAL_DRIVER -DSTM32F103x6 -c -I../Core/Inc -IC:/Users/Korisnik/STM32Cube/Repository/STM32Cube_FW_F1_V1.8.5/Drivers/STM32F1xx_HAL_Driver/Inc/Legacy -IC:/Users/Korisnik/STM32Cube/Repository/STM32Cube_FW_F1_V1.8.5/Drivers/STM32F1xx_HAL_Driver/Inc -IC:/Users/Korisnik/STM32Cube/Repository/STM32Cube_FW_F1_V1.8.5/Drivers/CMSIS/Device/ST/STM32F1xx/Include -IC:/Users/Korisnik/STM32Cube/Repository/STM32Cube_FW_F1_V1.8.5/Drivers/CMSIS/Include -O0 -ffunction-sections -fdata-sections -Wall -fstack-usage -fcyclomatic-complexity -MMD -MP -MF"Core/Src/sysmem.d" -MT"Core/Src/sysmem.o" --specs=nano.specs -mfloat-abi=soft -mthumb -o "Core/Src/sysmem.o"
arm-none-eabi-gcc "../Core/Src/system_stm32f1xx.c" -mcpu=cortex-m3 -std=gnu11 -g3 -DDEBUG -DUSE_HAL_DRIVER -DSTM32F103x6 -c -I../Core/Inc -IC:/Users/Korisnik/STM32Cube/Repository/STM32Cube_FW_F1_V1.8.5/Drivers/STM32F1xx_HAL_Driver/Inc/Legacy -IC:/Users/Korisnik/STM32Cube/Repository/STM32Cube_FW_F1_V1.8.5/Drivers/STM32F1xx_HAL_Driver/Inc -IC:/Users/Korisnik/STM32Cube/Repository/STM32Cube_FW_F1_V1.8.5/Drivers/CMSIS/Device/ST/STM32F1xx/Include -IC:/Users/Korisnik/STM32Cube/Repository/STM32Cube_FW_F1_V1.8.5/Drivers/CMSIS/Include -O0 -ffunction-sections -fdata-sections -Wall -fstack-usage -fcyclomatic-complexity -MMD -MP -MF"Core/Src/system_stm32f1xx.d" -MT"Core/Src/system_stm32f1xx.o" --specs=nano.specs -mfloat-abi=soft -mthumb -o "Core/Src/system_stm32f1xx.o"
arm-none-eabi-gcc -o "p.elf" @"objects.list"   -mcpu=cortex-m3 -T"C:\Users\Korisnik\Desktop\mips\p\STM32F103C6TX_FLASH.ld" --specs=nosys.specs -Wl,-Map="p.map" -Wl,--gc-sections -static --specs=nano.specs -mfloat-abi=soft -mthumb -Wl,--start-group -lc -lm -Wl,--end-group
Finished building target: p.elf
 
arm-none-eabi-size   p.elf 
arm-none-eabi-objdump -h -S  p.elf  > "p.list"
   text	   data	    bss	    dec	    hex	filename
   4608	     20	   1572	   6200	   1838	p.elf
Finished building: default.size.stdout
 
arm-none-eabi-objcopy  -O ihex  p.elf  "p.hex"
Finished building: p.hex
Finished building: p.list
 
 

19:12:10 Build Finished. 0 errors, 0 warnings. (took 16s.847ms)

